============================= test session starts =============================
platform win32 -- Python 3.12.10, pytest-9.0.2, pluggy-1.6.0 -- C:\Users\kashy\AppData\Local\Programs\Python\Python312\python.exe
cachedir: .pytest_cache
rootdir: C:\Users\kashy\Desktop\iiitNR
plugins: anyio-4.12.1
collecting ... collected 62 items

tests/test_explainer.py::TestCacheKey::test_same_inputs_same_key PASSED  [  1%]
tests/test_explainer.py::TestCacheKey::test_different_span_different_key PASSED [  3%]
tests/test_explainer.py::TestCacheKey::test_different_material_different_key PASSED [  4%]
tests/test_explainer.py::TestCacheKey::test_different_element_different_key PASSED [  6%]
tests/test_explainer.py::TestTemplateExplanation::test_generates_text_for_load_bearing PASSED [  8%]
tests/test_explainer.py::TestTemplateExplanation::test_generates_text_for_partition PASSED [  9%]
tests/test_explainer.py::TestTemplateExplanation::test_critical_span_warning PASSED [ 11%]
tests/test_explainer.py::TestTemplateExplanation::test_runner_up_mentioned PASSED [ 12%]
tests/test_explainer.py::TestFullExplanationPipeline::test_generates_explanations_for_all_elements PASSED [ 14%]
tests/test_explainer.py::TestFullExplanationPipeline::test_explanations_have_required_fields PASSED [ 16%]
tests/test_geometry.py::TestWallGraph::test_graph_creation_plan_a PASSED [ 17%]
tests/test_geometry.py::TestWallGraph::test_graph_edges_have_attributes PASSED [ 19%]
tests/test_geometry.py::TestJunctionDetection::test_detects_T_junctions_or_high_degree PASSED [ 20%]
tests/test_geometry.py::TestJunctionDetection::test_junction_degree PASSED [ 22%]
tests/test_geometry.py::TestWallClassification::test_perimeter_walls_are_load_bearing PASSED [ 24%]
tests/test_geometry.py::TestWallClassification::test_structural_spine_detected PASSED [ 25%]
tests/test_geometry.py::TestWallClassification::test_partition_walls_exist PASSED [ 27%]
tests/test_geometry.py::TestSpanDetection::test_detects_long_spans PASSED [ 29%]
tests/test_geometry.py::TestSpanDetection::test_severity_levels PASSED   [ 30%]
tests/test_geometry.py::TestGridSnapping::test_snap_to_grid PASSED       [ 32%]
tests/test_geometry.py::TestFullReconstruction::test_reconstruct_plan_a PASSED [ 33%]
tests/test_geometry.py::TestFullReconstruction::test_reconstruct_plan_b PASSED [ 35%]
tests/test_materials.py::TestTradeoffScoring::test_scores_are_bounded PASSED [ 37%]
tests/test_materials.py::TestTradeoffScoring::test_long_span_excludes_weak_materials PASSED [ 38%]
tests/test_materials.py::TestTradeoffScoring::test_steel_scores_well_for_long_span PASSED [ 40%]
tests/test_materials.py::TestTradeoffScoring::test_rcc_scores_well_for_columns PASSED [ 41%]
tests/test_materials.py::TestTradeoffScoring::test_weights_differ_by_element_type PASSED [ 43%]
tests/test_materials.py::TestTradeoffScoring::test_weight_percentages_sum_to_1 PASSED [ 45%]
tests/test_materials.py::TestEligibility::test_aac_eligible_for_partition PASSED [ 46%]
tests/test_materials.py::TestEligibility::test_aac_not_eligible_for_column PASSED [ 48%]
tests/test_materials.py::TestEligibility::test_rcc_eligible_for_slab PASSED [ 50%]
tests/test_materials.py::TestRecommendations::test_top3_returned PASSED  [ 51%]
tests/test_materials.py::TestRecommendations::test_rankings_descending PASSED [ 53%]
tests/test_materials.py::TestRecommendations::test_long_span_only_strong_materials PASSED [ 54%]
tests/test_materials.py::TestRecommendations::test_weight_rationale_present PASSED [ 56%]
tests/test_model_generator.py::TestBoxMeshCreation::test_basic_box_mesh PASSED [ 58%]
tests/test_model_generator.py::TestBoxMeshCreation::test_dimensions_never_zero PASSED [ 59%]
tests/test_model_generator.py::TestWallMeshFromPixels::test_horizontal_wall PASSED [ 61%]
tests/test_model_generator.py::TestWallMeshFromPixels::test_vertical_wall PASSED [ 62%]
tests/test_model_generator.py::TestWallMeshFromPixels::test_zero_length_wall_returns_none PASSED [ 64%]
tests/test_model_generator.py::TestOpeningSegmentation::test_wall_with_door_splits_into_segments PASSED [ 66%]
tests/test_model_generator.py::TestOpeningSegmentation::test_wall_with_window_has_sill PASSED [ 67%]
tests/test_model_generator.py::TestOpeningSegmentation::test_wall_without_openings_generates_no_segments FAILED [ 69%]
tests/test_model_generator.py::TestFloorSlab::test_floor_slab_created PASSED [ 70%]
tests/test_model_generator.py::TestColumnMesh::test_column_created PASSED [ 72%]
tests/test_model_generator.py::TestFullModelGeneration::test_plan_a_generates_meshes PASSED [ 74%]
tests/test_model_generator.py::TestFullModelGeneration::test_plan_b_generates_meshes PASSED [ 75%]
tests/test_model_generator.py::TestFullModelGeneration::test_all_meshes_have_valid_structure PASSED [ 77%]
tests/test_model_generator.py::TestFullModelGeneration::test_labels_match_rooms PASSED [ 79%]
tests/test_parser.py::TestLineSnapping::test_horizontal_snap PASSED      [ 80%]
tests/test_parser.py::TestLineSnapping::test_vertical_snap PASSED        [ 82%]
tests/test_parser.py::TestLineSnapping::test_diagonal_rejected PASSED    [ 83%]
tests/test_parser.py::TestLineSnapping::test_near_threshold PASSED       [ 85%]
tests/test_parser.py::TestDeduplication::test_removes_near_duplicates PASSED [ 87%]
tests/test_parser.py::TestDeduplication::test_keeps_distant_lines PASSED [ 88%]
tests/test_parser.py::TestMergeCollinear::test_merges_nearby_segments PASSED [ 90%]
tests/test_parser.py::TestMergeCollinear::test_no_merge_with_gap PASSED  [ 91%]
tests/test_parser.py::TestFallback::test_fallback_loads_plan_a PASSED    [ 93%]
tests/test_parser.py::TestFallback::test_fallback_by_filename PASSED     [ 95%]
tests/test_parser.py::TestFallback::test_fallback_default PASSED         [ 96%]
tests/test_parser.py::TestFullParser::test_parse_nonexistent_image PASSED [ 98%]
tests/test_parser.py::TestFullParser::test_parse_with_plan_id PASSED     [100%]

================================== FAILURES ===================================
__ TestOpeningSegmentation.test_wall_without_openings_generates_no_segments ___
tests\test_model_generator.py:114: in test_wall_without_openings_generates_no_segments
    assert len(segments) == 0  # No openings, no segments to split
    ^^^^^^^^^^^^^^^^^^^^^^^^^
E   AssertionError: assert 1 == 0
E    +  where 1 = len([{'color': '#10b981', 'dimensions': [14.0, 3.0, 0.23], 'element_type': 'wall', 'position': [8.0, 1.5, 11.0], ...}])
=========================== short test summary info ===========================
FAILED tests/test_model_generator.py::TestOpeningSegmentation::test_wall_without_openings_generates_no_segments
======================== 1 failed, 61 passed in 0.62s =========================
